warning: unused import: `StepOutputContract`
 --> crates/omega-session/src/output.rs:4:34
  |
4 | use omega_workflow::{DataFormat, StepOutputContract, WorkflowStep, EXECUTE_STEP_ID, EXPLORE_STEP_ID, PLAN_STEP_ID};
  |                                  ^^^^^^^^^^^^^^^^^^
  |
  = note: `#[warn(unused_imports)]` (part of `#[warn(unused)]`) on by default

warning: unused import: `CoreToolResult`
 --> crates/omega-session/src/runner.rs:5:48
  |
5 | use omega_core::{Agent, CoreSharedTodoManager, CoreToolResult, TodoItem, TodoStatus};
  |                                                ^^^^^^^^^^^^^^

warning: unused imports: `DataFormat` and `EXPLORE_STEP_ID`
 --> crates/omega-session/src/runner.rs:7:5
  |
7 |     DataFormat, OutputRecoveryMode, SceneCatalog, StepInputContract, StepOutputContract,
  |     ^^^^^^^^^^
8 |     WorkflowCatalog, WorkflowPromptCatalog, WorkflowPrompts, WorkflowStep, EXECUTE_STEP_ID,
9 |     EXPLORE_STEP_ID, FEATURE_SCENE_ID, FEATURE_WORKFLOW_ID, PLAN_STEP_ID, RESEARCH_WORKFLOW_ID,
  |     ^^^^^^^^^^^^^^^

warning: unused imports: `ActivityTarget`, `RuntimeUiMessage`, `StatusSlot`, `StatusValue`, `UiContent`, `UiMessageKind`, `UiSource`, and `UiTarget`
  --> crates/omega-session/src/runner.rs:35:5
   |
35 |     ActivityTarget, ResolvedSkillSet, ResolvedToolSet, RuntimeUiEffect, RuntimeUiEnvelope,
   |     ^^^^^^^^^^^^^^
36 |     RuntimeUiMessage, SessionSkillCatalog, SessionToolCatalog, StatusSlot, StatusValue,
   |     ^^^^^^^^^^^^^^^^                                           ^^^^^^^^^^  ^^^^^^^^^^^
...
39 |     StepOutputRecoveryDecision, StepOutputStatus, StepSummarySource, UiContent, UiMessageKind,
   |                                                                      ^^^^^^^^^  ^^^^^^^^^^^^^
40 |     UiSource, UiTarget, WorkflowRunRole, CONTEXT_SAFETY_MARGIN_TOKENS,
   |     ^^^^^^^^  ^^^^^^^^

warning: unused import: `RoutingContext`
  --> crates/omega-session/src/ui_emit.rs:13:28
   |
13 | use crate::session_state::{RoutingContext, SessionContext};
   |                            ^^^^^^^^^^^^^^

warning: unused imports: `parse_json_values` and `validate_schema_file`
  --> crates/omega-session/src/lib.rs:44:25
   |
44 | pub(crate) use output::{parse_json_values, validate_schema_file};
   |                         ^^^^^^^^^^^^^^^^^  ^^^^^^^^^^^^^^^^^^^^

warning: unused import: `prompt_builder::render_output_contract`
  --> crates/omega-session/src/lib.rs:45:16
   |
45 | pub(crate) use prompt_builder::render_output_contract;
   |                ^^^^^^^^^^^^^^^^^^^^^^^^^^^^^^^^^^^^^^

warning: unused imports: `latest_user_turn_prefers_research_scene` and `latest_user_turn_requires_feature_scene`
  --> crates/omega-session/src/lib.rs:47:5
   |
47 |     latest_user_turn_prefers_research_scene, latest_user_turn_requires_feature_scene,
   |     ^^^^^^^^^^^^^^^^^^^^^^^^^^^^^^^^^^^^^^^  ^^^^^^^^^^^^^^^^^^^^^^^^^^^^^^^^^^^^^^^

warning: unused import: `runner::resolve_structured_input`
  --> crates/omega-session/src/lib.rs:49:16
   |
49 | pub(crate) use runner::resolve_structured_input;
   |                ^^^^^^^^^^^^^^^^^^^^^^^^^^^^^^^^

warning: unused imports: `ProviderMarkupSanitizer` and `preview_tool_invocation`
  --> crates/omega-session/src/lib.rs:51:26
   |
51 | pub(crate) use ui_emit::{preview_tool_invocation, ProviderMarkupSanitizer};
   |                          ^^^^^^^^^^^^^^^^^^^^^^^  ^^^^^^^^^^^^^^^^^^^^^^^

warning: function `parse_structured_output` is never used
  --> crates/omega-session/src/output.rs:71:4
   |
71 | fn parse_structured_output(format: DataFormat, final_text: &str) -> Option<Value> {
   |    ^^^^^^^^^^^^^^^^^^^^^^^
   |
   = note: `#[warn(dead_code)]` (part of `#[warn(unused)]`) on by default

warning: `omega-session` (lib) generated 11 warnings (run `cargo fix --lib -p omega-session` to apply 10 suggestions)
    Finished `dev` profile [unoptimized + debuginfo] target(s) in 0.16s
